interactions:
- request:
    body: '{"nummer": "0000000001", "kanaal": "American", "onderwerp": "student",
      "inhoud": "Personal deal result ground will learn.", "taal": "nld", "indicatieContactGelukt":
      null, "vertrouwelijk": false, "plaatsgevondenOp": "2012-01-07T07:29:43.222794"}'
    headers:
      Authorization:
      - Token b2eb1da9861da88743d72a3fb4344288fe2cba44
      Content-Length:
      - '244'
      Content-Type:
      - application/json
    method: POST
    uri: http://localhost:8338/klantinteracties/api/v1/klantcontacten
  response:
    body:
      string: '{"uuid":"cf6929f7-787e-421c-8ddd-42a443aec733","url":"http://localhost:8338/klantinteracties/api/v1/klantcontacten/cf6929f7-787e-421c-8ddd-42a443aec733","gingOverOnderwerpobjecten":[],"hadBetrokkenActoren":[],"omvatteBijlagen":[],"hadBetrokkenen":[],"leiddeTotInterneTaken":[],"nummer":"0000000001","kanaal":"American","onderwerp":"student","inhoud":"Personal
        deal result ground will learn.","indicatieContactGelukt":null,"taal":"nld","vertrouwelijk":false,"plaatsgevondenOp":"2012-01-07T07:29:43.222794Z"}'
    headers:
      API-version:
      - 0.0.3
      Allow:
      - GET, POST, HEAD, OPTIONS
      Content-Length:
      - '506'
      Content-Type:
      - application/json
      Cross-Origin-Opener-Policy:
      - same-origin
      Location:
      - http://localhost:8338/klantinteracties/api/v1/klantcontacten/cf6929f7-787e-421c-8ddd-42a443aec733
      Referrer-Policy:
      - same-origin
      Vary:
      - origin
      X-Content-Type-Options:
      - nosniff
      X-Frame-Options:
      - DENY
    status:
      code: 201
      message: Created
- request:
    body: null
    headers:
      Authorization:
      - Token b2eb1da9861da88743d72a3fb4344288fe2cba44
    method: GET
    uri: http://localhost:8338/klantinteracties/api/v1/klantcontacten/cf6929f7-787e-421c-8ddd-42a443aec733
  response:
    body:
      string: '{"uuid":"cf6929f7-787e-421c-8ddd-42a443aec733","url":"http://localhost:8338/klantinteracties/api/v1/klantcontacten/cf6929f7-787e-421c-8ddd-42a443aec733","gingOverOnderwerpobjecten":[],"hadBetrokkenActoren":[],"omvatteBijlagen":[],"hadBetrokkenen":[],"leiddeTotInterneTaken":[],"nummer":"0000000001","kanaal":"American","onderwerp":"student","inhoud":"Personal
        deal result ground will learn.","indicatieContactGelukt":null,"taal":"nld","vertrouwelijk":false,"plaatsgevondenOp":"2012-01-07T07:29:43.222794Z"}'
    headers:
      API-version:
      - 0.0.3
      Allow:
      - GET, PUT, PATCH, DELETE, HEAD, OPTIONS
      Content-Length:
      - '506'
      Content-Type:
      - application/json
      Cross-Origin-Opener-Policy:
      - same-origin
      Referrer-Policy:
      - same-origin
      Vary:
      - origin
      X-Content-Type-Options:
      - nosniff
      X-Frame-Options:
      - DENY
    status:
      code: 200
      message: OK
- request:
    body: '{"nummer": "0000000001", "kanaal": "rise", "onderwerp": "soon", "inhoud":
      "Evidence collection attention just.", "taal": "nld", "indicatieContactGelukt":
      true, "vertrouwelijk": true, "plaatsgevondenOp": "2011-11-16T13:01:24.127503"}'
    headers:
      Authorization:
      - Token b2eb1da9861da88743d72a3fb4344288fe2cba44
      Content-Length:
      - '232'
      Content-Type:
      - application/json
    method: POST
    uri: http://localhost:8338/klantinteracties/api/v1/klantcontacten
  response:
    body:
      string: '{"uuid":"749efcd4-011b-4d19-b07e-1d0a6e39da21","url":"http://localhost:8338/klantinteracties/api/v1/klantcontacten/749efcd4-011b-4d19-b07e-1d0a6e39da21","gingOverOnderwerpobjecten":[],"hadBetrokkenActoren":[],"omvatteBijlagen":[],"hadBetrokkenen":[],"leiddeTotInterneTaken":[],"nummer":"0000000001","kanaal":"rise","onderwerp":"soon","inhoud":"Evidence
        collection attention just.","indicatieContactGelukt":true,"taal":"nld","vertrouwelijk":true,"plaatsgevondenOp":"2011-11-16T13:01:24.127503Z"}'
    headers:
      API-version:
      - 0.0.3
      Allow:
      - GET, POST, HEAD, OPTIONS
      Content-Length:
      - '494'
      Content-Type:
      - application/json
      Cross-Origin-Opener-Policy:
      - same-origin
      Location:
      - http://localhost:8338/klantinteracties/api/v1/klantcontacten/749efcd4-011b-4d19-b07e-1d0a6e39da21
      Referrer-Policy:
      - same-origin
      Vary:
      - origin
      X-Content-Type-Options:
      - nosniff
      X-Frame-Options:
      - DENY
    status:
      code: 201
      message: Created
- request:
    body: null
    headers:
      Authorization:
      - Token b2eb1da9861da88743d72a3fb4344288fe2cba44
    method: GET
    uri: http://localhost:8338/klantinteracties/api/v1/klantcontacten/749efcd4-011b-4d19-b07e-1d0a6e39da21
  response:
    body:
      string: '{"uuid":"749efcd4-011b-4d19-b07e-1d0a6e39da21","url":"http://localhost:8338/klantinteracties/api/v1/klantcontacten/749efcd4-011b-4d19-b07e-1d0a6e39da21","gingOverOnderwerpobjecten":[],"hadBetrokkenActoren":[],"omvatteBijlagen":[],"hadBetrokkenen":[],"leiddeTotInterneTaken":[],"nummer":"0000000001","kanaal":"rise","onderwerp":"soon","inhoud":"Evidence
        collection attention just.","indicatieContactGelukt":true,"taal":"nld","vertrouwelijk":true,"plaatsgevondenOp":"2011-11-16T13:01:24.127503Z"}'
    headers:
      API-version:
      - 0.0.3
      Allow:
      - GET, PUT, PATCH, DELETE, HEAD, OPTIONS
      Content-Length:
      - '494'
      Content-Type:
      - application/json
      Cross-Origin-Opener-Policy:
      - same-origin
      Referrer-Policy:
      - same-origin
      Vary:
      - origin
      X-Content-Type-Options:
      - nosniff
      X-Frame-Options:
      - DENY
    status:
      code: 200
      message: OK
version: 1
