interactions:
- request:
    body: '{"nummer": "0000000002", "kanaal": "usually", "onderwerp": "mission", "inhoud":
      "Both several artist participant space.", "taal": "nld", "indicatieContactGelukt":
      true, "vertrouwelijk": true, "plaatsgevondenOp": "2024-05-18T18:11:42.426137"}'
    headers:
      Authorization:
      - Token b2eb1da9861da88743d72a3fb4344288fe2cba44
      Content-Length:
      - '241'
      Content-Type:
      - application/json
    method: POST
    uri: http://localhost:8338/klantinteracties/api/v1/klantcontacten
  response:
    body:
      string: '{"uuid":"3ec44e7b-5424-49dc-83f0-6436840d11e2","url":"http://localhost:8338/klantinteracties/api/v1/klantcontacten/3ec44e7b-5424-49dc-83f0-6436840d11e2","gingOverOnderwerpobjecten":[],"hadBetrokkenActoren":[],"omvatteBijlagen":[],"hadBetrokkenen":[],"leiddeTotInterneTaken":[],"nummer":"0000000002","kanaal":"usually","onderwerp":"mission","inhoud":"Both
        several artist participant space.","indicatieContactGelukt":true,"taal":"nld","vertrouwelijk":true,"plaatsgevondenOp":"2024-05-18T18:11:42.426137Z"}'
    headers:
      API-version:
      - 0.0.3
      Allow:
      - GET, POST, HEAD, OPTIONS
      Content-Length:
      - '503'
      Content-Type:
      - application/json
      Cross-Origin-Opener-Policy:
      - same-origin
      Location:
      - http://localhost:8338/klantinteracties/api/v1/klantcontacten/3ec44e7b-5424-49dc-83f0-6436840d11e2
      Referrer-Policy:
      - same-origin
      Vary:
      - origin
      X-Content-Type-Options:
      - nosniff
      X-Frame-Options:
      - DENY
    status:
      code: 201
      message: Created
- request:
    body: null
    headers:
      Authorization:
      - Token b2eb1da9861da88743d72a3fb4344288fe2cba44
    method: GET
    uri: http://localhost:8338/klantinteracties/api/v1/klantcontacten
  response:
    body:
      string: '{"count":1,"next":null,"previous":null,"results":[{"uuid":"3ec44e7b-5424-49dc-83f0-6436840d11e2","url":"http://localhost:8338/klantinteracties/api/v1/klantcontacten/3ec44e7b-5424-49dc-83f0-6436840d11e2","gingOverOnderwerpobjecten":[],"hadBetrokkenActoren":[],"omvatteBijlagen":[],"hadBetrokkenen":[],"leiddeTotInterneTaken":[],"nummer":"0000000002","kanaal":"usually","onderwerp":"mission","inhoud":"Both
        several artist participant space.","indicatieContactGelukt":true,"taal":"nld","vertrouwelijk":true,"plaatsgevondenOp":"2024-05-18T18:11:42.426137Z","_expand":{}}]}'
    headers:
      API-version:
      - 0.0.3
      Allow:
      - GET, POST, HEAD, OPTIONS
      Content-Length:
      - '568'
      Content-Type:
      - application/json
      Cross-Origin-Opener-Policy:
      - same-origin
      Referrer-Policy:
      - same-origin
      Vary:
      - origin
      X-Content-Type-Options:
      - nosniff
      X-Frame-Options:
      - DENY
    status:
      code: 200
      message: OK
- request:
    body: '{"nummer": "0000000002", "kanaal": "film", "onderwerp": "development",
      "inhoud": "Media put reality from television kid tonight.", "taal": "nld", "indicatieContactGelukt":
      false, "vertrouwelijk": false, "plaatsgevondenOp": "2015-01-26T12:52:40.565670"}'
    headers:
      Authorization:
      - Token b2eb1da9861da88743d72a3fb4344288fe2cba44
      Content-Length:
      - '252'
      Content-Type:
      - application/json
    method: POST
    uri: http://localhost:8338/klantinteracties/api/v1/klantcontacten
  response:
    body:
      string: '{"uuid":"6399f85a-18de-4f51-9219-7b1fc98046ae","url":"http://localhost:8338/klantinteracties/api/v1/klantcontacten/6399f85a-18de-4f51-9219-7b1fc98046ae","gingOverOnderwerpobjecten":[],"hadBetrokkenActoren":[],"omvatteBijlagen":[],"hadBetrokkenen":[],"leiddeTotInterneTaken":[],"nummer":"0000000002","kanaal":"film","onderwerp":"development","inhoud":"Media
        put reality from television kid tonight.","indicatieContactGelukt":false,"taal":"nld","vertrouwelijk":false,"plaatsgevondenOp":"2015-01-26T12:52:40.565670Z"}'
    headers:
      API-version:
      - 0.0.3
      Allow:
      - GET, POST, HEAD, OPTIONS
      Content-Length:
      - '514'
      Content-Type:
      - application/json
      Cross-Origin-Opener-Policy:
      - same-origin
      Location:
      - http://localhost:8338/klantinteracties/api/v1/klantcontacten/6399f85a-18de-4f51-9219-7b1fc98046ae
      Referrer-Policy:
      - same-origin
      Vary:
      - origin
      X-Content-Type-Options:
      - nosniff
      X-Frame-Options:
      - DENY
    status:
      code: 201
      message: Created
- request:
    body: null
    headers:
      Authorization:
      - Token b2eb1da9861da88743d72a3fb4344288fe2cba44
    method: GET
    uri: http://localhost:8338/klantinteracties/api/v1/klantcontacten
  response:
    body:
      string: '{"count":1,"next":null,"previous":null,"results":[{"uuid":"6399f85a-18de-4f51-9219-7b1fc98046ae","url":"http://localhost:8338/klantinteracties/api/v1/klantcontacten/6399f85a-18de-4f51-9219-7b1fc98046ae","gingOverOnderwerpobjecten":[],"hadBetrokkenActoren":[],"omvatteBijlagen":[],"hadBetrokkenen":[],"leiddeTotInterneTaken":[],"nummer":"0000000002","kanaal":"film","onderwerp":"development","inhoud":"Media
        put reality from television kid tonight.","indicatieContactGelukt":false,"taal":"nld","vertrouwelijk":false,"plaatsgevondenOp":"2015-01-26T12:52:40.565670Z","_expand":{}}]}'
    headers:
      API-version:
      - 0.0.3
      Allow:
      - GET, POST, HEAD, OPTIONS
      Content-Length:
      - '579'
      Content-Type:
      - application/json
      Cross-Origin-Opener-Policy:
      - same-origin
      Referrer-Policy:
      - same-origin
      Vary:
      - origin
      X-Content-Type-Options:
      - nosniff
      X-Frame-Options:
      - DENY
    status:
      code: 200
      message: OK
version: 1
