interactions:
- request:
    body: '{"digitaleAdressen": null, "voorkeursDigitaalAdres": null, "rekeningnummers":
      null, "voorkeursRekeningnummer": null, "indicatieGeheimhouding": false, "indicatieActief":
      true, "voorkeurstaal": "crp", "soortPartij": "persoon", "partijIdentificatie":
      {"contactnaam": {"voorletters": "Dr.", "voornaam": "Test Persoon", "voorvoegselAchternaam":
      "Mrs.", "achternaam": "Gamble"}}}'
    headers:
      Authorization:
      - Token b2eb1da9861da88743d72a3fb4344288fe2cba44
      Content-Length:
      - '373'
      Content-Type:
      - application/json
    method: POST
    uri: http://localhost:8338/klantinteracties/api/v1/partijen
  response:
    body:
      string: '{"uuid":"7f260b8b-4683-4f1a-86ac-d2cdc4f42a47","url":"http://localhost:8338/klantinteracties/api/v1/partijen/7f260b8b-4683-4f1a-86ac-d2cdc4f42a47","nummer":"0000000001","interneNotitie":"","betrokkenen":[],"categorieRelaties":[],"digitaleAdressen":[],"voorkeursDigitaalAdres":null,"vertegenwoordigden":[],"rekeningnummers":[],"voorkeursRekeningnummer":null,"partijIdentificatoren":[],"soortPartij":"persoon","indicatieGeheimhouding":false,"voorkeurstaal":"crp","indicatieActief":true,"bezoekadres":{"nummeraanduidingId":"","adresregel1":"","adresregel2":"","adresregel3":"","land":""},"correspondentieadres":{"nummeraanduidingId":"","adresregel1":"","adresregel2":"","adresregel3":"","land":""},"partijIdentificatie":{"contactnaam":{"voorletters":"Dr.","voornaam":"Test
        Persoon","voorvoegselAchternaam":"Mrs.","achternaam":"Gamble"},"volledigeNaam":"Test
        Persoon Mrs. Gamble"}}'
    headers:
      API-version:
      - 0.0.3
      Allow:
      - GET, POST, HEAD, OPTIONS
      Content-Length:
      - '877'
      Content-Type:
      - application/json
      Cross-Origin-Opener-Policy:
      - same-origin
      Location:
      - http://localhost:8338/klantinteracties/api/v1/partijen/7f260b8b-4683-4f1a-86ac-d2cdc4f42a47
      Referrer-Policy:
      - same-origin
      Vary:
      - origin
      X-Content-Type-Options:
      - nosniff
      X-Frame-Options:
      - DENY
    status:
      code: 201
      message: Created
- request:
    body: '{"identificeerdePartij": {"uuid": "7f260b8b-4683-4f1a-86ac-d2cdc4f42a47"},
      "partijIdentificator": {"codeObjecttype": "bsn", "codeSoortObjectId": "inp",
      "objectId": "123456789", "codeRegister": "brp"}, "anderePartijIdentificator":
      "optional_identifier_123"}'
    headers:
      Authorization:
      - Token b2eb1da9861da88743d72a3fb4344288fe2cba44
      Content-Length:
      - '256'
      Content-Type:
      - application/json
    method: POST
    uri: http://localhost:8338/klantinteracties/api/v1/partij-identificatoren
  response:
    body:
      string: '{"uuid":"2eed8357-a24e-4e48-b788-89b21d0d31f7","url":"http://localhost:8338/klantinteracties/api/v1/partij-identificatoren/2eed8357-a24e-4e48-b788-89b21d0d31f7","identificeerdePartij":{"uuid":"7f260b8b-4683-4f1a-86ac-d2cdc4f42a47","url":"http://localhost:8338/klantinteracties/api/v1/partijen/7f260b8b-4683-4f1a-86ac-d2cdc4f42a47"},"anderePartijIdentificator":"optional_identifier_123","partijIdentificator":{"codeObjecttype":"bsn","codeSoortObjectId":"inp","objectId":"123456789","codeRegister":"brp"}}'
    headers:
      API-version:
      - 0.0.3
      Allow:
      - GET, POST, HEAD, OPTIONS
      Content-Length:
      - '503'
      Content-Type:
      - application/json
      Cross-Origin-Opener-Policy:
      - same-origin
      Location:
      - http://localhost:8338/klantinteracties/api/v1/partij-identificatoren/2eed8357-a24e-4e48-b788-89b21d0d31f7
      Referrer-Policy:
      - same-origin
      Vary:
      - origin
      X-Content-Type-Options:
      - nosniff
      X-Frame-Options:
      - DENY
    status:
      code: 201
      message: Created
- request:
    body: null
    headers:
      Authorization:
      - Token b2eb1da9861da88743d72a3fb4344288fe2cba44
    method: GET
    uri: http://localhost:8338/klantinteracties/api/v1/partijen/7f260b8b-4683-4f1a-86ac-d2cdc4f42a47?expand=digitaleAdressen
  response:
    body:
      string: '{"uuid":"7f260b8b-4683-4f1a-86ac-d2cdc4f42a47","url":"http://localhost:8338/klantinteracties/api/v1/partijen/7f260b8b-4683-4f1a-86ac-d2cdc4f42a47","nummer":"0000000001","interneNotitie":"","betrokkenen":[],"categorieRelaties":[],"digitaleAdressen":[],"voorkeursDigitaalAdres":null,"vertegenwoordigden":[],"rekeningnummers":[],"voorkeursRekeningnummer":null,"partijIdentificatoren":[{"uuid":"2eed8357-a24e-4e48-b788-89b21d0d31f7","url":"http://localhost:8338/klantinteracties/api/v1/partij-identificatoren/2eed8357-a24e-4e48-b788-89b21d0d31f7"}],"soortPartij":"persoon","indicatieGeheimhouding":false,"voorkeurstaal":"crp","indicatieActief":true,"bezoekadres":{"nummeraanduidingId":"","adresregel1":"","adresregel2":"","adresregel3":"","land":""},"correspondentieadres":{"nummeraanduidingId":"","adresregel1":"","adresregel2":"","adresregel3":"","land":""},"partijIdentificatie":{"contactnaam":{"voorletters":"Dr.","voornaam":"Test
        Persoon","voorvoegselAchternaam":"Mrs.","achternaam":"Gamble"},"volledigeNaam":"Test
        Persoon Mrs. Gamble"}}'
    headers:
      API-version:
      - 0.0.3
      Allow:
      - GET, PUT, PATCH, DELETE, HEAD, OPTIONS
      Content-Length:
      - '1038'
      Content-Type:
      - application/json
      Cross-Origin-Opener-Policy:
      - same-origin
      Referrer-Policy:
      - same-origin
      Vary:
      - origin
      X-Content-Type-Options:
      - nosniff
      X-Frame-Options:
      - DENY
    status:
      code: 200
      message: OK
- request:
    body: '{"adres": "0644938475", "soortDigitaalAdres": "telefoon", "verstrektDoorPartij":
      {"uuid": "7f260b8b-4683-4f1a-86ac-d2cdc4f42a47"}, "verstrektDoorBetrokkene":
      null, "omschrijving": "OIP profiel"}'
    headers:
      Authorization:
      - Token b2eb1da9861da88743d72a3fb4344288fe2cba44
      Content-Length:
      - '194'
      Content-Type:
      - application/json
    method: POST
    uri: http://localhost:8338/klantinteracties/api/v1/digitaleadressen
  response:
    body:
      string: '{"uuid":"3051289d-1473-4ce0-b3f7-b21896dd273f","url":"http://localhost:8338/klantinteracties/api/v1/digitaleadressen/3051289d-1473-4ce0-b3f7-b21896dd273f","verstrektDoorBetrokkene":null,"verstrektDoorPartij":{"uuid":"7f260b8b-4683-4f1a-86ac-d2cdc4f42a47","url":"http://localhost:8338/klantinteracties/api/v1/partijen/7f260b8b-4683-4f1a-86ac-d2cdc4f42a47"},"adres":"0644938475","soortDigitaalAdres":"telefoon","omschrijving":"OIP
        profiel"}'
    headers:
      API-version:
      - 0.0.3
      Allow:
      - GET, POST, HEAD, OPTIONS
      Content-Length:
      - '438'
      Content-Type:
      - application/json
      Cross-Origin-Opener-Policy:
      - same-origin
      Location:
      - http://localhost:8338/klantinteracties/api/v1/digitaleadressen/3051289d-1473-4ce0-b3f7-b21896dd273f
      Referrer-Policy:
      - same-origin
      Vary:
      - origin
      X-Content-Type-Options:
      - nosniff
      X-Frame-Options:
      - DENY
    status:
      code: 201
      message: Created
- request:
    body: null
    headers:
      Authorization:
      - Token b2eb1da9861da88743d72a3fb4344288fe2cba44
    method: GET
    uri: http://localhost:8338/klantinteracties/api/v1/partijen/7f260b8b-4683-4f1a-86ac-d2cdc4f42a47?expand=digitaleAdressen
  response:
    body:
      string: '{"uuid":"7f260b8b-4683-4f1a-86ac-d2cdc4f42a47","url":"http://localhost:8338/klantinteracties/api/v1/partijen/7f260b8b-4683-4f1a-86ac-d2cdc4f42a47","nummer":"0000000001","interneNotitie":"","betrokkenen":[],"categorieRelaties":[],"digitaleAdressen":[{"uuid":"3051289d-1473-4ce0-b3f7-b21896dd273f","url":"http://localhost:8338/klantinteracties/api/v1/digitaleadressen/3051289d-1473-4ce0-b3f7-b21896dd273f"}],"voorkeursDigitaalAdres":null,"vertegenwoordigden":[],"rekeningnummers":[],"voorkeursRekeningnummer":null,"partijIdentificatoren":[{"uuid":"2eed8357-a24e-4e48-b788-89b21d0d31f7","url":"http://localhost:8338/klantinteracties/api/v1/partij-identificatoren/2eed8357-a24e-4e48-b788-89b21d0d31f7"}],"soortPartij":"persoon","indicatieGeheimhouding":false,"voorkeurstaal":"crp","indicatieActief":true,"bezoekadres":{"nummeraanduidingId":"","adresregel1":"","adresregel2":"","adresregel3":"","land":""},"correspondentieadres":{"nummeraanduidingId":"","adresregel1":"","adresregel2":"","adresregel3":"","land":""},"partijIdentificatie":{"contactnaam":{"voorletters":"Dr.","voornaam":"Test
        Persoon","voorvoegselAchternaam":"Mrs.","achternaam":"Gamble"},"volledigeNaam":"Test
        Persoon Mrs. Gamble"},"_expand":{"digitaleAdressen":[{"uuid":"3051289d-1473-4ce0-b3f7-b21896dd273f","url":"http://localhost:8338/klantinteracties/api/v1/digitaleadressen/3051289d-1473-4ce0-b3f7-b21896dd273f","verstrektDoorBetrokkene":null,"verstrektDoorPartij":{"uuid":"7f260b8b-4683-4f1a-86ac-d2cdc4f42a47","url":"http://localhost:8338/klantinteracties/api/v1/partijen/7f260b8b-4683-4f1a-86ac-d2cdc4f42a47"},"adres":"0644938475","soortDigitaalAdres":"telefoon","omschrijving":"OIP
        profiel"}]}}'
    headers:
      API-version:
      - 0.0.3
      Allow:
      - GET, PUT, PATCH, DELETE, HEAD, OPTIONS
      Content-Length:
      - '1665'
      Content-Type:
      - application/json
      Cross-Origin-Opener-Policy:
      - same-origin
      Referrer-Policy:
      - same-origin
      Vary:
      - origin
      X-Content-Type-Options:
      - nosniff
      X-Frame-Options:
      - DENY
    status:
      code: 200
      message: OK
- request:
    body: '{"adres": "bar@foo.com", "soortDigitaalAdres": "email", "verstrektDoorPartij":
      {"uuid": "7f260b8b-4683-4f1a-86ac-d2cdc4f42a47"}, "verstrektDoorBetrokkene":
      null, "omschrijving": "OIP profiel"}'
    headers:
      Authorization:
      - Token b2eb1da9861da88743d72a3fb4344288fe2cba44
      Content-Length:
      - '192'
      Content-Type:
      - application/json
    method: POST
    uri: http://localhost:8338/klantinteracties/api/v1/digitaleadressen
  response:
    body:
      string: '{"uuid":"052ae0e1-9a40-4386-b096-2891e7adae2e","url":"http://localhost:8338/klantinteracties/api/v1/digitaleadressen/052ae0e1-9a40-4386-b096-2891e7adae2e","verstrektDoorBetrokkene":null,"verstrektDoorPartij":{"uuid":"7f260b8b-4683-4f1a-86ac-d2cdc4f42a47","url":"http://localhost:8338/klantinteracties/api/v1/partijen/7f260b8b-4683-4f1a-86ac-d2cdc4f42a47"},"adres":"bar@foo.com","soortDigitaalAdres":"email","omschrijving":"OIP
        profiel"}'
    headers:
      API-version:
      - 0.0.3
      Allow:
      - GET, POST, HEAD, OPTIONS
      Content-Length:
      - '436'
      Content-Type:
      - application/json
      Cross-Origin-Opener-Policy:
      - same-origin
      Location:
      - http://localhost:8338/klantinteracties/api/v1/digitaleadressen/052ae0e1-9a40-4386-b096-2891e7adae2e
      Referrer-Policy:
      - same-origin
      Vary:
      - origin
      X-Content-Type-Options:
      - nosniff
      X-Frame-Options:
      - DENY
    status:
      code: 201
      message: Created
- request:
    body: null
    headers:
      Authorization:
      - Token b2eb1da9861da88743d72a3fb4344288fe2cba44
    method: GET
    uri: http://localhost:8338/klantinteracties/api/v1/partijen/7f260b8b-4683-4f1a-86ac-d2cdc4f42a47?expand=digitaleAdressen
  response:
    body:
      string: '{"uuid":"7f260b8b-4683-4f1a-86ac-d2cdc4f42a47","url":"http://localhost:8338/klantinteracties/api/v1/partijen/7f260b8b-4683-4f1a-86ac-d2cdc4f42a47","nummer":"0000000001","interneNotitie":"","betrokkenen":[],"categorieRelaties":[],"digitaleAdressen":[{"uuid":"3051289d-1473-4ce0-b3f7-b21896dd273f","url":"http://localhost:8338/klantinteracties/api/v1/digitaleadressen/3051289d-1473-4ce0-b3f7-b21896dd273f"},{"uuid":"052ae0e1-9a40-4386-b096-2891e7adae2e","url":"http://localhost:8338/klantinteracties/api/v1/digitaleadressen/052ae0e1-9a40-4386-b096-2891e7adae2e"}],"voorkeursDigitaalAdres":null,"vertegenwoordigden":[],"rekeningnummers":[],"voorkeursRekeningnummer":null,"partijIdentificatoren":[{"uuid":"2eed8357-a24e-4e48-b788-89b21d0d31f7","url":"http://localhost:8338/klantinteracties/api/v1/partij-identificatoren/2eed8357-a24e-4e48-b788-89b21d0d31f7"}],"soortPartij":"persoon","indicatieGeheimhouding":false,"voorkeurstaal":"crp","indicatieActief":true,"bezoekadres":{"nummeraanduidingId":"","adresregel1":"","adresregel2":"","adresregel3":"","land":""},"correspondentieadres":{"nummeraanduidingId":"","adresregel1":"","adresregel2":"","adresregel3":"","land":""},"partijIdentificatie":{"contactnaam":{"voorletters":"Dr.","voornaam":"Test
        Persoon","voorvoegselAchternaam":"Mrs.","achternaam":"Gamble"},"volledigeNaam":"Test
        Persoon Mrs. Gamble"},"_expand":{"digitaleAdressen":[{"uuid":"3051289d-1473-4ce0-b3f7-b21896dd273f","url":"http://localhost:8338/klantinteracties/api/v1/digitaleadressen/3051289d-1473-4ce0-b3f7-b21896dd273f","verstrektDoorBetrokkene":null,"verstrektDoorPartij":{"uuid":"7f260b8b-4683-4f1a-86ac-d2cdc4f42a47","url":"http://localhost:8338/klantinteracties/api/v1/partijen/7f260b8b-4683-4f1a-86ac-d2cdc4f42a47"},"adres":"0644938475","soortDigitaalAdres":"telefoon","omschrijving":"OIP
        profiel"},{"uuid":"052ae0e1-9a40-4386-b096-2891e7adae2e","url":"http://localhost:8338/klantinteracties/api/v1/digitaleadressen/052ae0e1-9a40-4386-b096-2891e7adae2e","verstrektDoorBetrokkene":null,"verstrektDoorPartij":{"uuid":"7f260b8b-4683-4f1a-86ac-d2cdc4f42a47","url":"http://localhost:8338/klantinteracties/api/v1/partijen/7f260b8b-4683-4f1a-86ac-d2cdc4f42a47"},"adres":"bar@foo.com","soortDigitaalAdres":"email","omschrijving":"OIP
        profiel"}]}}'
    headers:
      API-version:
      - 0.0.3
      Allow:
      - GET, PUT, PATCH, DELETE, HEAD, OPTIONS
      Content-Length:
      - '2258'
      Content-Type:
      - application/json
      Cross-Origin-Opener-Policy:
      - same-origin
      Referrer-Policy:
      - same-origin
      Vary:
      - origin
      X-Content-Type-Options:
      - nosniff
      X-Frame-Options:
      - DENY
    status:
      code: 200
      message: OK
version: 1
