interactions:
- request:
    body: null
    headers:
      Authorization:
      - Token b2eb1da9861da88743d72a3fb4344288fe2cba44
    method: GET
    uri: http://localhost:8338/klantinteracties/api/v1/partijen
  response:
    body:
      string: '{"count":0,"next":null,"previous":null,"results":[]}'
    headers:
      API-version:
      - 0.0.3
      Allow:
      - GET, POST, HEAD, OPTIONS
      Content-Length:
      - '52'
      Content-Type:
      - application/json
      Cross-Origin-Opener-Policy:
      - same-origin
      Referrer-Policy:
      - same-origin
      Vary:
      - origin
      X-Content-Type-Options:
      - nosniff
      X-Frame-Options:
      - DENY
    status:
      code: 200
      message: OK
- request:
    body: null
    headers:
      Authorization:
      - Token b2eb1da9861da88743d72a3fb4344288fe2cba44
    method: GET
    uri: http://localhost:8338/klantinteracties/api/v1/partij-identificatoren
  response:
    body:
      string: '{"count":0,"next":null,"previous":null,"results":[]}'
    headers:
      API-version:
      - 0.0.3
      Allow:
      - GET, POST, HEAD, OPTIONS
      Content-Length:
      - '52'
      Content-Type:
      - application/json
      Cross-Origin-Opener-Policy:
      - same-origin
      Referrer-Policy:
      - same-origin
      Vary:
      - origin
      X-Content-Type-Options:
      - nosniff
      X-Frame-Options:
      - DENY
    status:
      code: 200
      message: OK
- request:
    body: null
    headers:
      Authorization:
      - Token b2eb1da9861da88743d72a3fb4344288fe2cba44
    method: GET
    uri: http://localhost:8338/klantinteracties/api/v1/partijen?partijIdentificator__codeSoortObjectId=kvk&partijIdentificator__codeRegister=hr&partijIdentificator__codeObjecttype=nnp&partijIdentificator__objectId=123456789&soortPartij=organisatie
  response:
    body:
      string: '{"count":0,"next":null,"previous":null,"results":[]}'
    headers:
      API-version:
      - 0.0.3
      Allow:
      - GET, POST, HEAD, OPTIONS
      Content-Length:
      - '52'
      Content-Type:
      - application/json
      Cross-Origin-Opener-Policy:
      - same-origin
      Referrer-Policy:
      - same-origin
      Vary:
      - origin
      X-Content-Type-Options:
      - nosniff
      X-Frame-Options:
      - DENY
    status:
      code: 200
      message: OK
- request:
    body: '{"digitaleAdressen": null, "voorkeursDigitaalAdres": null, "rekeningnummers":
      null, "voorkeursRekeningnummer": null, "indicatieGeheimhouding": false, "indicatieActief":
      true, "voorkeurstaal": "nld", "soortPartij": "organisatie", "partijIdentificatie":
      {"naam": ""}}'
    headers:
      Authorization:
      - Token b2eb1da9861da88743d72a3fb4344288fe2cba44
      Content-Length:
      - '265'
      Content-Type:
      - application/json
    method: POST
    uri: http://localhost:8338/klantinteracties/api/v1/partijen
  response:
    body:
      string: '{"uuid":"f830dd77-c97d-478b-8e3e-9ee2e310dbdc","url":"http://localhost:8338/klantinteracties/api/v1/partijen/f830dd77-c97d-478b-8e3e-9ee2e310dbdc","nummer":"0000000001","interneNotitie":"","betrokkenen":[],"categorieRelaties":[],"digitaleAdressen":[],"voorkeursDigitaalAdres":null,"vertegenwoordigden":[],"rekeningnummers":[],"voorkeursRekeningnummer":null,"partijIdentificatoren":[],"soortPartij":"organisatie","indicatieGeheimhouding":false,"voorkeurstaal":"nld","indicatieActief":true,"bezoekadres":{"nummeraanduidingId":"","adresregel1":"","adresregel2":"","adresregel3":"","land":""},"correspondentieadres":{"nummeraanduidingId":"","adresregel1":"","adresregel2":"","adresregel3":"","land":""},"partijIdentificatie":{"naam":""}}'
    headers:
      API-version:
      - 0.0.3
      Allow:
      - GET, POST, HEAD, OPTIONS
      Content-Length:
      - '733'
      Content-Type:
      - application/json
      Cross-Origin-Opener-Policy:
      - same-origin
      Location:
      - http://localhost:8338/klantinteracties/api/v1/partijen/f830dd77-c97d-478b-8e3e-9ee2e310dbdc
      Referrer-Policy:
      - same-origin
      Vary:
      - origin
      X-Content-Type-Options:
      - nosniff
      X-Frame-Options:
      - DENY
    status:
      code: 201
      message: Created
- request:
    body: '{"identificeerdePartij": {"uuid": "f830dd77-c97d-478b-8e3e-9ee2e310dbdc"},
      "partijIdentificator": {"codeObjecttype": "nnp", "codeSoortObjectId": "kvk",
      "objectId": "123456789", "codeRegister": "hr"}}'
    headers:
      Authorization:
      - Token b2eb1da9861da88743d72a3fb4344288fe2cba44
      Content-Length:
      - '199'
      Content-Type:
      - application/json
    method: POST
    uri: http://localhost:8338/klantinteracties/api/v1/partij-identificatoren
  response:
    body:
      string: '{"uuid":"10b5c598-5dbc-4aa7-8c31-9faf8e96088b","url":"http://localhost:8338/klantinteracties/api/v1/partij-identificatoren/10b5c598-5dbc-4aa7-8c31-9faf8e96088b","identificeerdePartij":{"uuid":"f830dd77-c97d-478b-8e3e-9ee2e310dbdc","url":"http://localhost:8338/klantinteracties/api/v1/partijen/f830dd77-c97d-478b-8e3e-9ee2e310dbdc"},"anderePartijIdentificator":"","partijIdentificator":{"codeObjecttype":"nnp","codeSoortObjectId":"kvk","objectId":"123456789","codeRegister":"hr"}}'
    headers:
      API-version:
      - 0.0.3
      Allow:
      - GET, POST, HEAD, OPTIONS
      Content-Length:
      - '479'
      Content-Type:
      - application/json
      Cross-Origin-Opener-Policy:
      - same-origin
      Location:
      - http://localhost:8338/klantinteracties/api/v1/partij-identificatoren/10b5c598-5dbc-4aa7-8c31-9faf8e96088b
      Referrer-Policy:
      - same-origin
      Vary:
      - origin
      X-Content-Type-Options:
      - nosniff
      X-Frame-Options:
      - DENY
    status:
      code: 201
      message: Created
- request:
    body: null
    headers:
      Authorization:
      - Token b2eb1da9861da88743d72a3fb4344288fe2cba44
    method: GET
    uri: http://localhost:8338/klantinteracties/api/v1/partijen
  response:
    body:
      string: '{"count":1,"next":null,"previous":null,"results":[{"uuid":"f830dd77-c97d-478b-8e3e-9ee2e310dbdc","url":"http://localhost:8338/klantinteracties/api/v1/partijen/f830dd77-c97d-478b-8e3e-9ee2e310dbdc","nummer":"0000000001","interneNotitie":"","betrokkenen":[],"categorieRelaties":[],"digitaleAdressen":[],"voorkeursDigitaalAdres":null,"vertegenwoordigden":[],"rekeningnummers":[],"voorkeursRekeningnummer":null,"partijIdentificatoren":[{"uuid":"10b5c598-5dbc-4aa7-8c31-9faf8e96088b","url":"http://localhost:8338/klantinteracties/api/v1/partij-identificatoren/10b5c598-5dbc-4aa7-8c31-9faf8e96088b"}],"soortPartij":"organisatie","indicatieGeheimhouding":false,"voorkeurstaal":"nld","indicatieActief":true,"bezoekadres":{"nummeraanduidingId":"","adresregel1":"","adresregel2":"","adresregel3":"","land":""},"correspondentieadres":{"nummeraanduidingId":"","adresregel1":"","adresregel2":"","adresregel3":"","land":""},"partijIdentificatie":{"naam":""},"_expand":{}}]}'
    headers:
      API-version:
      - 0.0.3
      Allow:
      - GET, POST, HEAD, OPTIONS
      Content-Length:
      - '959'
      Content-Type:
      - application/json
      Cross-Origin-Opener-Policy:
      - same-origin
      Referrer-Policy:
      - same-origin
      Vary:
      - origin
      X-Content-Type-Options:
      - nosniff
      X-Frame-Options:
      - DENY
    status:
      code: 200
      message: OK
- request:
    body: null
    headers:
      Authorization:
      - Token b2eb1da9861da88743d72a3fb4344288fe2cba44
    method: GET
    uri: http://localhost:8338/klantinteracties/api/v1/partij-identificatoren
  response:
    body:
      string: '{"count":1,"next":null,"previous":null,"results":[{"uuid":"10b5c598-5dbc-4aa7-8c31-9faf8e96088b","url":"http://localhost:8338/klantinteracties/api/v1/partij-identificatoren/10b5c598-5dbc-4aa7-8c31-9faf8e96088b","identificeerdePartij":{"uuid":"f830dd77-c97d-478b-8e3e-9ee2e310dbdc","url":"http://localhost:8338/klantinteracties/api/v1/partijen/f830dd77-c97d-478b-8e3e-9ee2e310dbdc"},"anderePartijIdentificator":"","partijIdentificator":{"codeObjecttype":"nnp","codeSoortObjectId":"kvk","objectId":"123456789","codeRegister":"hr"}}]}'
    headers:
      API-version:
      - 0.0.3
      Allow:
      - GET, POST, HEAD, OPTIONS
      Content-Length:
      - '531'
      Content-Type:
      - application/json
      Cross-Origin-Opener-Policy:
      - same-origin
      Referrer-Policy:
      - same-origin
      Vary:
      - origin
      X-Content-Type-Options:
      - nosniff
      X-Frame-Options:
      - DENY
    status:
      code: 200
      message: OK
- request:
    body: null
    headers:
      Authorization:
      - Token b2eb1da9861da88743d72a3fb4344288fe2cba44
    method: GET
    uri: http://localhost:8338/klantinteracties/api/v1/partijen?partijIdentificator__codeSoortObjectId=kvk&partijIdentificator__codeRegister=hr&partijIdentificator__codeObjecttype=nnp&partijIdentificator__objectId=123456789&soortPartij=organisatie
  response:
    body:
      string: '{"count":1,"next":null,"previous":null,"results":[{"uuid":"f830dd77-c97d-478b-8e3e-9ee2e310dbdc","url":"http://localhost:8338/klantinteracties/api/v1/partijen/f830dd77-c97d-478b-8e3e-9ee2e310dbdc","nummer":"0000000001","interneNotitie":"","betrokkenen":[],"categorieRelaties":[],"digitaleAdressen":[],"voorkeursDigitaalAdres":null,"vertegenwoordigden":[],"rekeningnummers":[],"voorkeursRekeningnummer":null,"partijIdentificatoren":[{"uuid":"10b5c598-5dbc-4aa7-8c31-9faf8e96088b","url":"http://localhost:8338/klantinteracties/api/v1/partij-identificatoren/10b5c598-5dbc-4aa7-8c31-9faf8e96088b"}],"soortPartij":"organisatie","indicatieGeheimhouding":false,"voorkeurstaal":"nld","indicatieActief":true,"bezoekadres":{"nummeraanduidingId":"","adresregel1":"","adresregel2":"","adresregel3":"","land":""},"correspondentieadres":{"nummeraanduidingId":"","adresregel1":"","adresregel2":"","adresregel3":"","land":""},"partijIdentificatie":{"naam":""},"_expand":{}}]}'
    headers:
      API-version:
      - 0.0.3
      Allow:
      - GET, POST, HEAD, OPTIONS
      Content-Length:
      - '959'
      Content-Type:
      - application/json
      Cross-Origin-Opener-Policy:
      - same-origin
      Referrer-Policy:
      - same-origin
      Vary:
      - origin
      X-Content-Type-Options:
      - nosniff
      X-Frame-Options:
      - DENY
    status:
      code: 200
      message: OK
- request:
    body: null
    headers:
      Authorization:
      - Token b2eb1da9861da88743d72a3fb4344288fe2cba44
    method: GET
    uri: http://localhost:8338/klantinteracties/api/v1/partijen/f830dd77-c97d-478b-8e3e-9ee2e310dbdc?expand=digitaleAdressen%2Cbetrokkenen%2Cbetrokkenen.hadKlantcontact
  response:
    body:
      string: '{"uuid":"f830dd77-c97d-478b-8e3e-9ee2e310dbdc","url":"http://localhost:8338/klantinteracties/api/v1/partijen/f830dd77-c97d-478b-8e3e-9ee2e310dbdc","nummer":"0000000001","interneNotitie":"","betrokkenen":[],"categorieRelaties":[],"digitaleAdressen":[],"voorkeursDigitaalAdres":null,"vertegenwoordigden":[],"rekeningnummers":[],"voorkeursRekeningnummer":null,"partijIdentificatoren":[{"uuid":"10b5c598-5dbc-4aa7-8c31-9faf8e96088b","url":"http://localhost:8338/klantinteracties/api/v1/partij-identificatoren/10b5c598-5dbc-4aa7-8c31-9faf8e96088b"}],"soortPartij":"organisatie","indicatieGeheimhouding":false,"voorkeurstaal":"nld","indicatieActief":true,"bezoekadres":{"nummeraanduidingId":"","adresregel1":"","adresregel2":"","adresregel3":"","land":""},"correspondentieadres":{"nummeraanduidingId":"","adresregel1":"","adresregel2":"","adresregel3":"","land":""},"partijIdentificatie":{"naam":""}}'
    headers:
      API-version:
      - 0.0.3
      Allow:
      - GET, PUT, PATCH, DELETE, HEAD, OPTIONS
      Content-Length:
      - '894'
      Content-Type:
      - application/json
      Cross-Origin-Opener-Policy:
      - same-origin
      Referrer-Policy:
      - same-origin
      Vary:
      - origin
      X-Content-Type-Options:
      - nosniff
      X-Frame-Options:
      - DENY
    status:
      code: 200
      message: OK
- request:
    body: null
    headers:
      Authorization:
      - Token b2eb1da9861da88743d72a3fb4344288fe2cba44
    method: GET
    uri: http://localhost:8338/klantinteracties/api/v1/partijen
  response:
    body:
      string: '{"count":1,"next":null,"previous":null,"results":[{"uuid":"f830dd77-c97d-478b-8e3e-9ee2e310dbdc","url":"http://localhost:8338/klantinteracties/api/v1/partijen/f830dd77-c97d-478b-8e3e-9ee2e310dbdc","nummer":"0000000001","interneNotitie":"","betrokkenen":[],"categorieRelaties":[],"digitaleAdressen":[],"voorkeursDigitaalAdres":null,"vertegenwoordigden":[],"rekeningnummers":[],"voorkeursRekeningnummer":null,"partijIdentificatoren":[{"uuid":"10b5c598-5dbc-4aa7-8c31-9faf8e96088b","url":"http://localhost:8338/klantinteracties/api/v1/partij-identificatoren/10b5c598-5dbc-4aa7-8c31-9faf8e96088b"}],"soortPartij":"organisatie","indicatieGeheimhouding":false,"voorkeurstaal":"nld","indicatieActief":true,"bezoekadres":{"nummeraanduidingId":"","adresregel1":"","adresregel2":"","adresregel3":"","land":""},"correspondentieadres":{"nummeraanduidingId":"","adresregel1":"","adresregel2":"","adresregel3":"","land":""},"partijIdentificatie":{"naam":""},"_expand":{}}]}'
    headers:
      API-version:
      - 0.0.3
      Allow:
      - GET, POST, HEAD, OPTIONS
      Content-Length:
      - '959'
      Content-Type:
      - application/json
      Cross-Origin-Opener-Policy:
      - same-origin
      Referrer-Policy:
      - same-origin
      Vary:
      - origin
      X-Content-Type-Options:
      - nosniff
      X-Frame-Options:
      - DENY
    status:
      code: 200
      message: OK
- request:
    body: null
    headers:
      Authorization:
      - Token b2eb1da9861da88743d72a3fb4344288fe2cba44
    method: GET
    uri: http://localhost:8338/klantinteracties/api/v1/partij-identificatoren
  response:
    body:
      string: '{"count":1,"next":null,"previous":null,"results":[{"uuid":"10b5c598-5dbc-4aa7-8c31-9faf8e96088b","url":"http://localhost:8338/klantinteracties/api/v1/partij-identificatoren/10b5c598-5dbc-4aa7-8c31-9faf8e96088b","identificeerdePartij":{"uuid":"f830dd77-c97d-478b-8e3e-9ee2e310dbdc","url":"http://localhost:8338/klantinteracties/api/v1/partijen/f830dd77-c97d-478b-8e3e-9ee2e310dbdc"},"anderePartijIdentificator":"","partijIdentificator":{"codeObjecttype":"nnp","codeSoortObjectId":"kvk","objectId":"123456789","codeRegister":"hr"}}]}'
    headers:
      API-version:
      - 0.0.3
      Allow:
      - GET, POST, HEAD, OPTIONS
      Content-Length:
      - '531'
      Content-Type:
      - application/json
      Cross-Origin-Opener-Policy:
      - same-origin
      Referrer-Policy:
      - same-origin
      Vary:
      - origin
      X-Content-Type-Options:
      - nosniff
      X-Frame-Options:
      - DENY
    status:
      code: 200
      message: OK
version: 1
